core_cm4.h:1939:34:__NVIC_SystemReset	4	static,ignoring_inline_asm
aws_ota_pal.c:184:26:prvContextValidate	16	static
aws_ota_pal.c:198:11:prvPAL_CreateFileForRx	24	static
aws_ota_pal.c:247:11:prvPAL_Abort	24	static
aws_ota_pal.c:289:9:prvPAL_WriteBlock	40	static
aws_ota_pal.c:346:11:prvPAL_CloseFile	24	static
aws_ota_pal.c:394:18:prvPAL_CheckFileSignature	56	static
aws_ota_pal.c:457:18:prvPAL_ReadAndAssumeCertificate	16	static
aws_ota_pal.c:469:11:prvPAL_ResetDevice	8	static
aws_ota_pal.c:476:11:prvPAL_ActivateNewImage	1960	static
aws_ota_pal.c:559:11:prvInitOTAImageState	8	static
aws_ota_pal.c:566:11:prvSetOTAImageState	24	static
aws_ota_pal.c:592:11:prvPAL_SetPlatformImageState	40	static
aws_ota_pal.c:723:18:prvGetOTAImageState	4	static
aws_ota_pal.c:736:22:prvPAL_GetPlatformImageState	24	static
aws_ota_pal.c:790:17:SFU_APP_GetDownloadAreaInfo	24	static
aws_ota_pal.c:808:17:SFU_APP_InstallAtNextReset	120	static
