main.c:155:5:main	8	static
main.c:236:6:SystemClock_Config	248	static
main.c:317:13:MX_ADC1_Init	32	static
main.c:378:13:MX_RNG_Init	8	static
main.c:405:13:MX_RTC_Init	32	static
main.c:461:6:MX_SPI3_Init	8	static
main.c:501:13:MX_USART1_UART_Init	8	static
main.c:549:13:MX_GPIO_Init	48	static
main.c:611:6:vApplicationIdleHook	16	static
main.c:655:6:vMainUARTPrintString	24	static
main.c:664:6:vApplicationDaemonTaskStartupHook	16	static,ignoring_inline_asm
main.c:705:13:prvWifiConnect	168	static
main.c:761:13:prvInitializeHeap	32	static
main.c:796:6:HAL_GPIO_EXTI_Callback	16	static
main.c:817:6:Led_SetState	16	static
main.c:826:6:Led_Blink	24	static
main.c:859:6:vDevModePrintDevCertificate	1080	static
main.c:960:6:HAL_TIM_PeriodElapsedCallback	16	static
main.c:985:6:Error_Handler	8	static
